2026/05/05 13:07:11 [notice] 1#1: using the "epoll" event method
2026/05/05 13:07:11 [notice] 1#1: nginx/1.27.5
2026/05/05 13:07:11 [notice] 1#1: built by gcc 14.2.0 (Alpine 14.2.0) 
2026/05/05 13:07:11 [notice] 1#1: OS: Linux 6.18.5+kali-amd64
2026/05/05 13:07:11 [notice] 1#1: getrlimit(RLIMIT_NOFILE): 1024:524288
2026/05/05 13:07:11 [notice] 1#1: start worker processes
2026/05/05 13:07:11 [notice] 1#1: start worker process 29
2026/05/05 13:07:11 [notice] 1#1: start worker process 30
2026/05/05 13:07:11 [notice] 1#1: start worker process 31
2026/05/05 13:07:11 [notice] 1#1: start worker process 32
2026/05/05 13:07:11 [notice] 1#1: start worker process 33
2026/05/05 13:07:11 [notice] 1#1: start worker process 34
2026/05/05 13:07:11 [notice] 1#1: start worker process 35
2026/05/05 13:07:11 [notice] 1#1: start worker process 36
2026/05/05 13:07:11 [notice] 1#1: start worker process 37
2026/05/05 13:07:11 [notice] 1#1: start worker process 38
2026/05/05 13:07:11 [notice] 1#1: start worker process 39
2026/05/05 13:07:11 [notice] 1#1: start worker process 40
2026/05/05 13:07:11 [notice] 1#1: start worker process 41
2026/05/05 13:07:11 [notice] 1#1: start worker process 42
2026/05/05 13:07:11 [notice] 1#1: start worker process 43
2026/05/05 13:07:11 [notice] 1#1: start worker process 44
2026/05/05 13:08:46 [notice] 1#1: signal 3 (SIGQUIT) received, shutting down
2026/05/05 13:08:46 [notice] 29#29: gracefully shutting down
2026/05/05 13:08:46 [notice] 29#29: exiting
2026/05/05 13:08:46 [notice] 33#33: gracefully shutting down
2026/05/05 13:08:46 [notice] 31#31: gracefully shutting down
2026/05/05 13:08:46 [notice] 35#35: gracefully shutting down
2026/05/05 13:08:46 [notice] 36#36: gracefully shutting down
2026/05/05 13:08:46 [notice] 39#39: gracefully shutting down
2026/05/05 13:08:46 [notice] 37#37: gracefully shutting down
2026/05/05 13:08:46 [notice] 38#38: gracefully shutting down
2026/05/05 13:08:46 [notice] 33#33: exiting
2026/05/05 13:08:46 [notice] 41#41: gracefully shutting down
2026/05/05 13:08:46 [notice] 30#30: gracefully shutting down
2026/05/05 13:08:46 [notice] 42#42: gracefully shutting down
2026/05/05 13:08:46 [notice] 32#32: gracefully shutting down
2026/05/05 13:08:46 [notice] 38#38: exiting
2026/05/05 13:08:46 [notice] 35#35: exiting
2026/05/05 13:08:46 [notice] 31#31: exiting
2026/05/05 13:08:46 [notice] 34#34: gracefully shutting down
2026/05/05 13:08:46 [notice] 36#36: exiting
2026/05/05 13:08:46 [notice] 40#40: gracefully shutting down
2026/05/05 13:08:46 [notice] 39#39: exiting
2026/05/05 13:08:46 [notice] 37#37: exiting
2026/05/05 13:08:46 [notice] 41#41: exiting
2026/05/05 13:08:46 [notice] 42#42: exiting
2026/05/05 13:08:46 [notice] 30#30: exiting
2026/05/05 13:08:46 [notice] 32#32: exiting
2026/05/05 13:08:46 [notice] 34#34: exiting
2026/05/05 13:08:46 [notice] 40#40: exiting
2026/05/05 13:08:46 [notice] 29#29: exit
2026/05/05 13:08:46 [notice] 35#35: exit
2026/05/05 13:08:46 [notice] 31#31: exit
2026/05/05 13:08:46 [notice] 33#33: exit
2026/05/05 13:08:46 [notice] 30#30: exit
2026/05/05 13:08:46 [notice] 43#43: gracefully shutting down
2026/05/05 13:08:46 [notice] 41#41: exit
2026/05/05 13:08:46 [notice] 39#39: exit
2026/05/05 13:08:46 [notice] 32#32: exit
2026/05/05 13:08:46 [notice] 38#38: exit
2026/05/05 13:08:46 [notice] 36#36: exit
2026/05/05 13:08:46 [notice] 34#34: exit
2026/05/05 13:08:46 [notice] 40#40: exit
2026/05/05 13:08:46 [notice] 43#43: exiting
2026/05/05 13:08:46 [notice] 37#37: exit
2026/05/05 13:08:46 [notice] 43#43: exit
2026/05/05 13:08:46 [notice] 42#42: exit
2026/05/05 13:08:46 [notice] 44#44: gracefully shutting down
2026/05/05 13:08:46 [notice] 44#44: exiting
2026/05/05 13:08:46 [notice] 44#44: exit
2026/05/05 13:08:46 [notice] 1#1: signal 17 (SIGCHLD) received from 30
2026/05/05 13:08:46 [notice] 1#1: worker process 30 exited with code 0
2026/05/05 13:08:46 [notice] 1#1: signal 29 (SIGIO) received
2026/05/05 13:08:46 [notice] 1#1: signal 17 (SIGCHLD) received from 32
2026/05/05 13:08:46 [notice] 1#1: worker process 29 exited with code 0
2026/05/05 13:08:46 [notice] 1#1: worker process 32 exited with code 0
2026/05/05 13:08:46 [notice] 1#1: worker process 35 exited with code 0
2026/05/05 13:08:46 [notice] 1#1: worker process 38 exited with code 0
2026/05/05 13:08:46 [notice] 1#1: worker process 42 exited with code 0
2026/05/05 13:08:46 [notice] 1#1: worker process 43 exited with code 0
2026/05/05 13:08:46 [notice] 1#1: signal 29 (SIGIO) received
2026/05/05 13:08:46 [notice] 1#1: signal 17 (SIGCHLD) received from 29
2026/05/05 13:08:46 [notice] 1#1: worker process 41 exited with code 0
2026/05/05 13:08:46 [notice] 1#1: signal 29 (SIGIO) received
2026/05/05 13:08:46 [notice] 1#1: signal 17 (SIGCHLD) received from 36
2026/05/05 13:08:46 [notice] 1#1: worker process 34 exited with code 0
2026/05/05 13:08:46 [notice] 1#1: worker process 36 exited with code 0
2026/05/05 13:08:46 [notice] 1#1: worker process 37 exited with code 0
2026/05/05 13:08:46 [notice] 1#1: signal 29 (SIGIO) received
2026/05/05 13:08:46 [notice] 1#1: signal 17 (SIGCHLD) received from 37
2026/05/05 13:08:46 [notice] 1#1: signal 17 (SIGCHLD) received from 33
2026/05/05 13:08:46 [notice] 1#1: worker process 33 exited with code 0
2026/05/05 13:08:46 [notice] 1#1: worker process 39 exited with code 0
2026/05/05 13:08:46 [notice] 1#1: signal 29 (SIGIO) received
2026/05/05 13:08:46 [notice] 1#1: signal 17 (SIGCHLD) received from 40
2026/05/05 13:08:46 [notice] 1#1: worker process 40 exited with code 0
2026/05/05 13:08:46 [notice] 1#1: signal 29 (SIGIO) received
2026/05/05 13:08:46 [notice] 1#1: signal 17 (SIGCHLD) received from 31
2026/05/05 13:08:46 [notice] 1#1: worker process 31 exited with code 0
2026/05/05 13:08:46 [notice] 1#1: signal 17 (SIGCHLD) received from 44
2026/05/05 13:08:46 [notice] 1#1: worker process 44 exited with code 0
2026/05/05 13:08:46 [notice] 1#1: exit
2026/05/05 15:12:48 [notice] 1#1: using the "epoll" event method
2026/05/05 15:12:48 [notice] 1#1: nginx/1.27.5
2026/05/05 15:12:48 [notice] 1#1: built by gcc 14.2.0 (Alpine 14.2.0) 
2026/05/05 15:12:48 [notice] 1#1: OS: Linux 6.18.5+kali-amd64
2026/05/05 15:12:48 [notice] 1#1: getrlimit(RLIMIT_NOFILE): 1024:524288
2026/05/05 15:12:48 [notice] 1#1: start worker processes
2026/05/05 15:12:48 [notice] 1#1: start worker process 29
2026/05/05 15:12:48 [notice] 1#1: start worker process 30
2026/05/05 15:12:48 [notice] 1#1: start worker process 31
2026/05/05 15:12:48 [notice] 1#1: start worker process 32
2026/05/05 15:12:48 [notice] 1#1: start worker process 33
2026/05/05 15:12:48 [notice] 1#1: start worker process 34
2026/05/05 15:12:48 [notice] 1#1: start worker process 35
2026/05/05 15:12:48 [notice] 1#1: start worker process 36
2026/05/05 15:12:48 [notice] 1#1: start worker process 37
2026/05/05 15:12:48 [notice] 1#1: start worker process 38
2026/05/05 15:12:48 [notice] 1#1: start worker process 39
2026/05/05 15:12:48 [notice] 1#1: start worker process 40
2026/05/05 15:12:48 [notice] 1#1: start worker process 41
2026/05/05 15:12:48 [notice] 1#1: start worker process 42
2026/05/05 15:12:48 [notice] 1#1: start worker process 43
2026/05/05 15:12:48 [notice] 1#1: start worker process 44
2026/05/05 15:13:15 [notice] 1#1: signal 3 (SIGQUIT) received, shutting down
2026/05/05 15:13:15 [notice] 29#29: gracefully shutting down
2026/05/05 15:13:15 [notice] 30#30: gracefully shutting down
2026/05/05 15:13:15 [notice] 31#31: gracefully shutting down
2026/05/05 15:13:15 [notice] 32#32: gracefully shutting down
2026/05/05 15:13:15 [notice] 34#34: gracefully shutting down
2026/05/05 15:13:15 [notice] 36#36: gracefully shutting down
2026/05/05 15:13:15 [notice] 35#35: gracefully shutting down
2026/05/05 15:13:15 [notice] 43#43: gracefully shutting down
2026/05/05 15:13:15 [notice] 34#34: exiting
2026/05/05 15:13:15 [notice] 36#36: exiting
2026/05/05 15:13:15 [notice] 37#37: gracefully shutting down
2026/05/05 15:13:15 [notice] 35#35: exiting
2026/05/05 15:13:15 [notice] 33#33: gracefully shutting down
2026/05/05 15:13:15 [notice] 40#40: gracefully shutting down
2026/05/05 15:13:15 [notice] 29#29: exiting
2026/05/05 15:13:15 [notice] 30#30: exiting
2026/05/05 15:13:15 [notice] 43#43: exiting
2026/05/05 15:13:15 [notice] 31#31: exiting
2026/05/05 15:13:15 [notice] 37#37: exiting
2026/05/05 15:13:15 [notice] 32#32: exiting
2026/05/05 15:13:15 [notice] 33#33: exiting
2026/05/05 15:13:15 [notice] 40#40: exiting
2026/05/05 15:13:15 [notice] 34#34: exit
2026/05/05 15:13:15 [notice] 35#35: exit
2026/05/05 15:13:15 [notice] 36#36: exit
2026/05/05 15:13:15 [notice] 43#43: exit
2026/05/05 15:13:15 [notice] 32#32: exit
2026/05/05 15:13:15 [notice] 33#33: exit
2026/05/05 15:13:15 [notice] 37#37: exit
2026/05/05 15:13:15 [notice] 29#29: exit
2026/05/05 15:13:15 [notice] 31#31: exit
2026/05/05 15:13:15 [notice] 30#30: exit
2026/05/05 15:13:15 [notice] 40#40: exit
2026/05/05 15:13:15 [notice] 38#38: gracefully shutting down
2026/05/05 15:13:15 [notice] 38#38: exiting
2026/05/05 15:13:15 [notice] 39#39: gracefully shutting down
2026/05/05 15:13:15 [notice] 39#39: exiting
2026/05/05 15:13:15 [notice] 38#38: exit
2026/05/05 15:13:15 [notice] 39#39: exit
2026/05/05 15:13:15 [notice] 41#41: gracefully shutting down
2026/05/05 15:13:15 [notice] 44#44: gracefully shutting down
2026/05/05 15:13:15 [notice] 41#41: exiting
2026/05/05 15:13:15 [notice] 44#44: exiting
2026/05/05 15:13:15 [notice] 42#42: gracefully shutting down
2026/05/05 15:13:15 [notice] 42#42: exiting
2026/05/05 15:13:15 [notice] 44#44: exit
2026/05/05 15:13:15 [notice] 41#41: exit
2026/05/05 15:13:15 [notice] 42#42: exit
2026/05/05 15:13:15 [notice] 1#1: signal 17 (SIGCHLD) received from 37
2026/05/05 15:13:15 [notice] 1#1: worker process 37 exited with code 0
2026/05/05 15:13:15 [notice] 1#1: signal 29 (SIGIO) received
2026/05/05 15:13:15 [notice] 1#1: signal 17 (SIGCHLD) received from 35
2026/05/05 15:13:15 [notice] 1#1: worker process 35 exited with code 0
2026/05/05 15:13:15 [notice] 1#1: signal 29 (SIGIO) received
2026/05/05 15:13:15 [notice] 1#1: signal 17 (SIGCHLD) received from 31
2026/05/05 15:13:15 [notice] 1#1: worker process 31 exited with code 0
2026/05/05 15:13:15 [notice] 1#1: signal 29 (SIGIO) received
2026/05/05 15:13:15 [notice] 1#1: signal 17 (SIGCHLD) received from 33
2026/05/05 15:13:15 [notice] 1#1: worker process 33 exited with code 0
2026/05/05 15:13:15 [notice] 1#1: worker process 32 exited with code 0
2026/05/05 15:13:15 [notice] 1#1: signal 29 (SIGIO) received
2026/05/05 15:13:15 [notice] 1#1: signal 17 (SIGCHLD) received from 32
2026/05/05 15:13:15 [notice] 1#1: worker process 40 exited with code 0
2026/05/05 15:13:15 [notice] 1#1: worker process 42 exited with code 0
2026/05/05 15:13:15 [notice] 1#1: worker process 30 exited with code 0
2026/05/05 15:13:15 [notice] 1#1: signal 29 (SIGIO) received
2026/05/05 15:13:15 [notice] 1#1: signal 17 (SIGCHLD) received from 40
2026/05/05 15:13:15 [notice] 1#1: signal 17 (SIGCHLD) received from 39
2026/05/05 15:13:15 [notice] 1#1: worker process 39 exited with code 0
2026/05/05 15:13:15 [notice] 1#1: signal 29 (SIGIO) received
2026/05/05 15:13:15 [notice] 1#1: signal 17 (SIGCHLD) received from 38
2026/05/05 15:13:15 [notice] 1#1: worker process 38 exited with code 0
2026/05/05 15:13:15 [notice] 1#1: signal 29 (SIGIO) received
2026/05/05 15:13:15 [notice] 1#1: signal 17 (SIGCHLD) received from 29
2026/05/05 15:13:15 [notice] 1#1: worker process 29 exited with code 0
2026/05/05 15:13:15 [notice] 1#1: signal 29 (SIGIO) received
2026/05/05 15:13:15 [notice] 1#1: signal 17 (SIGCHLD) received from 34
2026/05/05 15:13:15 [notice] 1#1: worker process 34 exited with code 0
2026/05/05 15:13:15 [notice] 1#1: signal 29 (SIGIO) received
2026/05/05 15:13:15 [notice] 1#1: signal 17 (SIGCHLD) received from 44
2026/05/05 15:13:15 [notice] 1#1: worker process 44 exited with code 0
2026/05/05 15:13:15 [notice] 1#1: signal 29 (SIGIO) received
2026/05/05 15:13:15 [notice] 1#1: signal 17 (SIGCHLD) received from 36
2026/05/05 15:13:15 [notice] 1#1: worker process 36 exited with code 0
2026/05/05 15:13:15 [notice] 1#1: signal 29 (SIGIO) received
2026/05/05 15:13:15 [notice] 1#1: signal 17 (SIGCHLD) received from 43
2026/05/05 15:13:15 [notice] 1#1: worker process 43 exited with code 0
2026/05/05 15:13:15 [notice] 1#1: signal 29 (SIGIO) received
2026/05/05 15:13:15 [notice] 1#1: signal 17 (SIGCHLD) received from 41
2026/05/05 15:13:15 [notice] 1#1: worker process 41 exited with code 0
2026/05/05 15:13:15 [notice] 1#1: exit
2026/05/05 15:14:34 [emerg] 1#1: host not found in upstream "php" in /etc/nginx/conf.d/default.conf:26
2026/05/05 15:15:26 [notice] 1#1: using the "epoll" event method
2026/05/05 15:15:26 [notice] 1#1: nginx/1.27.5
2026/05/05 15:15:26 [notice] 1#1: built by gcc 14.2.0 (Alpine 14.2.0) 
2026/05/05 15:15:26 [notice] 1#1: OS: Linux 6.18.5+kali-amd64
2026/05/05 15:15:26 [notice] 1#1: getrlimit(RLIMIT_NOFILE): 1024:524288
2026/05/05 15:15:26 [notice] 1#1: start worker processes
2026/05/05 15:15:26 [notice] 1#1: start worker process 29
2026/05/05 15:15:26 [notice] 1#1: start worker process 30
2026/05/05 15:15:26 [notice] 1#1: start worker process 31
2026/05/05 15:15:26 [notice] 1#1: start worker process 32
2026/05/05 15:15:26 [notice] 1#1: start worker process 33
2026/05/05 15:15:26 [notice] 1#1: start worker process 34
2026/05/05 15:15:26 [notice] 1#1: start worker process 35
2026/05/05 15:15:26 [notice] 1#1: start worker process 36
2026/05/05 15:15:26 [notice] 1#1: start worker process 37
2026/05/05 15:15:26 [notice] 1#1: start worker process 38
2026/05/05 15:15:26 [notice] 1#1: start worker process 39
2026/05/05 15:15:26 [notice] 1#1: start worker process 40
2026/05/05 15:15:26 [notice] 1#1: start worker process 41
2026/05/05 15:15:26 [notice] 1#1: start worker process 42
2026/05/05 15:15:26 [notice] 1#1: start worker process 43
2026/05/05 15:15:26 [notice] 1#1: start worker process 44
2026/05/05 15:26:34 [notice] 1#1: signal 3 (SIGQUIT) received, shutting down
2026/05/05 15:26:34 [notice] 30#30: gracefully shutting down
2026/05/05 15:26:34 [notice] 31#31: gracefully shutting down
2026/05/05 15:26:34 [notice] 32#32: gracefully shutting down
2026/05/05 15:26:34 [notice] 33#33: gracefully shutting down
2026/05/05 15:26:34 [notice] 36#36: gracefully shutting down
2026/05/05 15:26:34 [notice] 35#35: gracefully shutting down
2026/05/05 15:26:34 [notice] 38#38: gracefully shutting down
2026/05/05 15:26:34 [notice] 37#37: gracefully shutting down
2026/05/05 15:26:34 [notice] 30#30: exiting
2026/05/05 15:26:34 [notice] 31#31: exiting
2026/05/05 15:26:34 [notice] 39#39: gracefully shutting down
2026/05/05 15:26:34 [notice] 32#32: exiting
2026/05/05 15:26:34 [notice] 29#29: gracefully shutting down
2026/05/05 15:26:34 [notice] 34#34: gracefully shutting down
2026/05/05 15:26:34 [notice] 40#40: gracefully shutting down
2026/05/05 15:26:34 [notice] 33#33: exiting
2026/05/05 15:26:34 [notice] 36#36: exiting
2026/05/05 15:26:34 [notice] 35#35: exiting
2026/05/05 15:26:34 [notice] 29#29: exiting
2026/05/05 15:26:34 [notice] 40#40: exiting
2026/05/05 15:26:34 [notice] 38#38: exiting
2026/05/05 15:26:34 [notice] 37#37: exiting
2026/05/05 15:26:34 [notice] 34#34: exiting
2026/05/05 15:26:34 [notice] 39#39: exiting
2026/05/05 15:26:34 [notice] 30#30: exit
2026/05/05 15:26:34 [notice] 31#31: exit
2026/05/05 15:26:34 [notice] 32#32: exit
2026/05/05 15:26:34 [notice] 40#40: exit
2026/05/05 15:26:34 [notice] 37#37: exit
2026/05/05 15:26:34 [notice] 29#29: exit
2026/05/05 15:26:34 [notice] 34#34: exit
2026/05/05 15:26:34 [notice] 38#38: exit
2026/05/05 15:26:34 [notice] 36#36: exit
2026/05/05 15:26:34 [notice] 33#33: exit
2026/05/05 15:26:34 [notice] 39#39: exit
2026/05/05 15:26:34 [notice] 35#35: exit
2026/05/05 15:26:34 [notice] 42#42: gracefully shutting down
2026/05/05 15:26:34 [notice] 42#42: exiting
2026/05/05 15:26:34 [notice] 41#41: gracefully shutting down
2026/05/05 15:26:34 [notice] 41#41: exiting
2026/05/05 15:26:34 [notice] 42#42: exit
2026/05/05 15:26:34 [notice] 41#41: exit
2026/05/05 15:26:34 [notice] 43#43: gracefully shutting down
2026/05/05 15:26:34 [notice] 43#43: exiting
2026/05/05 15:26:34 [notice] 43#43: exit
2026/05/05 15:26:34 [notice] 44#44: gracefully shutting down
2026/05/05 15:26:34 [notice] 44#44: exiting
2026/05/05 15:26:34 [notice] 44#44: exit
2026/05/05 15:26:34 [notice] 1#1: signal 17 (SIGCHLD) received from 30
2026/05/05 15:26:34 [notice] 1#1: worker process 30 exited with code 0
2026/05/05 15:26:34 [notice] 1#1: worker process 34 exited with code 0
2026/05/05 15:26:34 [notice] 1#1: worker process 36 exited with code 0
2026/05/05 15:26:34 [notice] 1#1: worker process 39 exited with code 0
2026/05/05 15:26:34 [notice] 1#1: signal 29 (SIGIO) received
2026/05/05 15:26:34 [notice] 1#1: signal 17 (SIGCHLD) received from 33
2026/05/05 15:26:34 [notice] 1#1: worker process 33 exited with code 0
2026/05/05 15:26:34 [notice] 1#1: signal 29 (SIGIO) received
2026/05/05 15:26:34 [notice] 1#1: signal 17 (SIGCHLD) received from 38
2026/05/05 15:26:34 [notice] 1#1: worker process 32 exited with code 0
2026/05/05 15:26:34 [notice] 1#1: worker process 37 exited with code 0
2026/05/05 15:26:34 [notice] 1#1: worker process 38 exited with code 0
2026/05/05 15:26:34 [notice] 1#1: worker process 41 exited with code 0
2026/05/05 15:26:34 [notice] 1#1: signal 29 (SIGIO) received
2026/05/05 15:26:34 [notice] 1#1: signal 17 (SIGCHLD) received from 35
2026/05/05 15:26:34 [notice] 1#1: worker process 35 exited with code 0
2026/05/05 15:26:34 [notice] 1#1: signal 29 (SIGIO) received
2026/05/05 15:26:34 [notice] 1#1: signal 17 (SIGCHLD) received from 40
2026/05/05 15:26:34 [notice] 1#1: worker process 40 exited with code 0
2026/05/05 15:26:34 [notice] 1#1: signal 29 (SIGIO) received
2026/05/05 15:26:34 [notice] 1#1: signal 17 (SIGCHLD) received from 31
2026/05/05 15:26:34 [notice] 1#1: worker process 31 exited with code 0
2026/05/05 15:26:34 [notice] 1#1: signal 29 (SIGIO) received
2026/05/05 15:26:34 [notice] 1#1: signal 17 (SIGCHLD) received from 42
2026/05/05 15:26:34 [notice] 1#1: worker process 42 exited with code 0
2026/05/05 15:26:34 [notice] 1#1: worker process 43 exited with code 0
2026/05/05 15:26:34 [notice] 1#1: signal 29 (SIGIO) received
2026/05/05 15:26:34 [notice] 1#1: signal 17 (SIGCHLD) received from 29
2026/05/05 15:26:34 [notice] 1#1: worker process 29 exited with code 0
2026/05/05 15:26:34 [notice] 1#1: signal 17 (SIGCHLD) received from 44
2026/05/05 15:26:34 [notice] 1#1: worker process 44 exited with code 0
2026/05/05 15:26:34 [notice] 1#1: exit
2026/05/05 15:26:37 [notice] 1#1: using the "epoll" event method
2026/05/05 15:26:37 [notice] 1#1: nginx/1.27.5
2026/05/05 15:26:37 [notice] 1#1: built by gcc 14.2.0 (Alpine 14.2.0) 
2026/05/05 15:26:37 [notice] 1#1: OS: Linux 6.18.5+kali-amd64
2026/05/05 15:26:37 [notice] 1#1: getrlimit(RLIMIT_NOFILE): 1024:524288
2026/05/05 15:26:37 [notice] 1#1: start worker processes
2026/05/05 15:26:37 [notice] 1#1: start worker process 29
2026/05/05 15:26:37 [notice] 1#1: start worker process 30
2026/05/05 15:26:37 [notice] 1#1: start worker process 31
2026/05/05 15:26:37 [notice] 1#1: start worker process 32
2026/05/05 15:26:37 [notice] 1#1: start worker process 33
2026/05/05 15:26:37 [notice] 1#1: start worker process 34
2026/05/05 15:26:37 [notice] 1#1: start worker process 35
2026/05/05 15:26:37 [notice] 1#1: start worker process 36
2026/05/05 15:26:37 [notice] 1#1: start worker process 37
2026/05/05 15:26:37 [notice] 1#1: start worker process 38
2026/05/05 15:26:37 [notice] 1#1: start worker process 39
2026/05/05 15:26:37 [notice] 1#1: start worker process 40
2026/05/05 15:26:37 [notice] 1#1: start worker process 41
2026/05/05 15:26:37 [notice] 1#1: start worker process 42
2026/05/05 15:26:37 [notice] 1#1: start worker process 43
2026/05/05 15:26:37 [notice] 1#1: start worker process 44
2026/05/05 15:32:02 [notice] 1#1: signal 3 (SIGQUIT) received, shutting down
2026/05/05 15:32:02 [notice] 30#30: gracefully shutting down
2026/05/05 15:32:02 [notice] 33#33: gracefully shutting down
2026/05/05 15:32:02 [notice] 32#32: gracefully shutting down
2026/05/05 15:32:02 [notice] 30#30: exiting
2026/05/05 15:32:02 [notice] 34#34: gracefully shutting down
2026/05/05 15:32:02 [notice] 35#35: gracefully shutting down
2026/05/05 15:32:02 [notice] 36#36: gracefully shutting down
2026/05/05 15:32:02 [notice] 39#39: gracefully shutting down
2026/05/05 15:32:02 [notice] 38#38: gracefully shutting down
2026/05/05 15:32:02 [notice] 33#33: exiting
2026/05/05 15:32:02 [notice] 32#32: exiting
2026/05/05 15:32:02 [notice] 34#34: exiting
2026/05/05 15:32:02 [notice] 35#35: exiting
2026/05/05 15:32:02 [notice] 36#36: exiting
2026/05/05 15:32:02 [notice] 39#39: exiting
2026/05/05 15:32:02 [notice] 38#38: exiting
2026/05/05 15:32:02 [notice] 29#29: gracefully shutting down
2026/05/05 15:32:02 [notice] 31#31: gracefully shutting down
2026/05/05 15:32:02 [notice] 31#31: exiting
2026/05/05 15:32:02 [notice] 29#29: exiting
2026/05/05 15:32:02 [notice] 30#30: exit
2026/05/05 15:32:02 [notice] 32#32: exit
2026/05/05 15:32:02 [notice] 38#38: exit
2026/05/05 15:32:02 [notice] 35#35: exit
2026/05/05 15:32:02 [notice] 34#34: exit
2026/05/05 15:32:02 [notice] 36#36: exit
2026/05/05 15:32:02 [notice] 39#39: exit
2026/05/05 15:32:02 [notice] 33#33: exit
2026/05/05 15:32:02 [notice] 31#31: exit
2026/05/05 15:32:02 [notice] 29#29: exit
2026/05/05 15:32:02 [notice] 37#37: gracefully shutting down
2026/05/05 15:32:02 [notice] 40#40: gracefully shutting down
2026/05/05 15:32:02 [notice] 41#41: gracefully shutting down
2026/05/05 15:32:02 [notice] 42#42: gracefully shutting down
2026/05/05 15:32:02 [notice] 43#43: gracefully shutting down
2026/05/05 15:32:02 [notice] 37#37: exiting
2026/05/05 15:32:02 [notice] 44#44: gracefully shutting down
2026/05/05 15:32:02 [notice] 40#40: exiting
2026/05/05 15:32:02 [notice] 41#41: exiting
2026/05/05 15:32:02 [notice] 42#42: exiting
2026/05/05 15:32:02 [notice] 43#43: exiting
2026/05/05 15:32:02 [notice] 44#44: exiting
2026/05/05 15:32:02 [notice] 43#43: exit
2026/05/05 15:32:02 [notice] 44#44: exit
2026/05/05 15:32:02 [notice] 40#40: exit
2026/05/05 15:32:02 [notice] 37#37: exit
2026/05/05 15:32:02 [notice] 42#42: exit
2026/05/05 15:32:02 [notice] 41#41: exit
2026/05/05 15:32:02 [notice] 1#1: signal 17 (SIGCHLD) received from 40
2026/05/05 15:32:02 [notice] 1#1: worker process 31 exited with code 0
2026/05/05 15:32:02 [notice] 1#1: worker process 40 exited with code 0
2026/05/05 15:32:02 [notice] 1#1: worker process 43 exited with code 0
2026/05/05 15:32:02 [notice] 1#1: signal 29 (SIGIO) received
2026/05/05 15:32:02 [notice] 1#1: signal 17 (SIGCHLD) received from 31
2026/05/05 15:32:02 [notice] 1#1: signal 17 (SIGCHLD) received from 34
2026/05/05 15:32:02 [notice] 1#1: worker process 34 exited with code 0
2026/05/05 15:32:02 [notice] 1#1: signal 29 (SIGIO) received
2026/05/05 15:32:02 [notice] 1#1: signal 17 (SIGCHLD) received from 44
2026/05/05 15:32:02 [notice] 1#1: worker process 44 exited with code 0
2026/05/05 15:32:02 [notice] 1#1: signal 29 (SIGIO) received
2026/05/05 15:32:02 [notice] 1#1: signal 17 (SIGCHLD) received from 33
2026/05/05 15:32:02 [notice] 1#1: worker process 33 exited with code 0
2026/05/05 15:32:02 [notice] 1#1: signal 29 (SIGIO) received
2026/05/05 15:32:02 [notice] 1#1: signal 17 (SIGCHLD) received from 36
2026/05/05 15:32:02 [notice] 1#1: worker process 29 exited with code 0
2026/05/05 15:32:02 [notice] 1#1: worker process 36 exited with code 0
2026/05/05 15:32:02 [notice] 1#1: signal 29 (SIGIO) received
2026/05/05 15:32:02 [notice] 1#1: signal 17 (SIGCHLD) received from 39
2026/05/05 15:32:02 [notice] 1#1: worker process 39 exited with code 0
2026/05/05 15:32:02 [notice] 1#1: signal 29 (SIGIO) received
2026/05/05 15:32:02 [notice] 1#1: signal 17 (SIGCHLD) received from 41
2026/05/05 15:32:02 [notice] 1#1: worker process 32 exited with code 0
2026/05/05 15:32:02 [notice] 1#1: worker process 41 exited with code 0
2026/05/05 15:32:02 [notice] 1#1: signal 29 (SIGIO) received
2026/05/05 15:32:02 [notice] 1#1: signal 17 (SIGCHLD) received from 35
2026/05/05 15:32:02 [notice] 1#1: worker process 35 exited with code 0
2026/05/05 15:32:02 [notice] 1#1: worker process 38 exited with code 0
2026/05/05 15:32:02 [notice] 1#1: signal 29 (SIGIO) received
2026/05/05 15:32:02 [notice] 1#1: signal 17 (SIGCHLD) received from 30
2026/05/05 15:32:02 [notice] 1#1: worker process 30 exited with code 0
2026/05/05 15:32:02 [notice] 1#1: worker process 37 exited with code 0
2026/05/05 15:32:02 [notice] 1#1: worker process 42 exited with code 0
2026/05/05 15:32:02 [notice] 1#1: exit
2026/05/05 15:32:07 [notice] 1#1: using the "epoll" event method
2026/05/05 15:32:07 [notice] 1#1: nginx/1.27.5
2026/05/05 15:32:07 [notice] 1#1: built by gcc 14.2.0 (Alpine 14.2.0) 
2026/05/05 15:32:07 [notice] 1#1: OS: Linux 6.18.5+kali-amd64
2026/05/05 15:32:07 [notice] 1#1: getrlimit(RLIMIT_NOFILE): 1024:524288
2026/05/05 15:32:07 [notice] 1#1: start worker processes
2026/05/05 15:32:07 [notice] 1#1: start worker process 29
2026/05/05 15:32:07 [notice] 1#1: start worker process 30
2026/05/05 15:32:07 [notice] 1#1: start worker process 31
2026/05/05 15:32:07 [notice] 1#1: start worker process 32
2026/05/05 15:32:07 [notice] 1#1: start worker process 33
2026/05/05 15:32:07 [notice] 1#1: start worker process 34
2026/05/05 15:32:07 [notice] 1#1: start worker process 35
2026/05/05 15:32:07 [notice] 1#1: start worker process 36
2026/05/05 15:32:07 [notice] 1#1: start worker process 37
2026/05/05 15:32:07 [notice] 1#1: start worker process 38
2026/05/05 15:32:07 [notice] 1#1: start worker process 39
2026/05/05 15:32:07 [notice] 1#1: start worker process 40
2026/05/05 15:32:07 [notice] 1#1: start worker process 41
2026/05/05 15:32:07 [notice] 1#1: start worker process 42
2026/05/05 15:32:07 [notice] 1#1: start worker process 43
2026/05/05 15:32:07 [notice] 1#1: start worker process 44
2026/05/05 15:36:33 [notice] 1#1: signal 3 (SIGQUIT) received, shutting down
2026/05/05 15:36:33 [notice] 29#29: gracefully shutting down
2026/05/05 15:36:33 [notice] 30#30: gracefully shutting down
2026/05/05 15:36:33 [notice] 31#31: gracefully shutting down
2026/05/05 15:36:33 [notice] 32#32: gracefully shutting down
2026/05/05 15:36:33 [notice] 33#33: gracefully shutting down
2026/05/05 15:36:33 [notice] 35#35: gracefully shutting down
2026/05/05 15:36:33 [notice] 29#29: exiting
2026/05/05 15:36:33 [notice] 30#30: exiting
2026/05/05 15:36:33 [notice] 37#37: gracefully shutting down
2026/05/05 15:36:33 [notice] 36#36: gracefully shutting down
2026/05/05 15:36:33 [notice] 31#31: exiting
2026/05/05 15:36:33 [notice] 38#38: gracefully shutting down
2026/05/05 15:36:33 [notice] 37#37: exiting
2026/05/05 15:36:33 [notice] 32#32: exiting
2026/05/05 15:36:33 [notice] 33#33: exiting
2026/05/05 15:36:33 [notice] 35#35: exiting
2026/05/05 15:36:33 [notice] 43#43: gracefully shutting down
2026/05/05 15:36:33 [notice] 39#39: gracefully shutting down
2026/05/05 15:36:33 [notice] 36#36: exiting
2026/05/05 15:36:33 [notice] 34#34: gracefully shutting down
2026/05/05 15:36:33 [notice] 42#42: gracefully shutting down
2026/05/05 15:36:33 [notice] 38#38: exiting
2026/05/05 15:36:33 [notice] 43#43: exiting
2026/05/05 15:36:33 [notice] 39#39: exiting
2026/05/05 15:36:33 [notice] 34#34: exiting
2026/05/05 15:36:33 [notice] 42#42: exiting
2026/05/05 15:36:33 [notice] 35#35: exit
2026/05/05 15:36:33 [notice] 33#33: exit
2026/05/05 15:36:33 [notice] 38#38: exit
2026/05/05 15:36:33 [notice] 29#29: exit
2026/05/05 15:36:33 [notice] 34#34: exit
2026/05/05 15:36:33 [notice] 42#42: exit
2026/05/05 15:36:33 [notice] 39#39: exit
2026/05/05 15:36:33 [notice] 32#32: exit
2026/05/05 15:36:33 [notice] 36#36: exit
2026/05/05 15:36:33 [notice] 37#37: exit
2026/05/05 15:36:33 [notice] 43#43: exit
2026/05/05 15:36:33 [notice] 31#31: exit
2026/05/05 15:36:33 [notice] 30#30: exit
2026/05/05 15:36:33 [notice] 40#40: gracefully shutting down
2026/05/05 15:36:33 [notice] 40#40: exiting
2026/05/05 15:36:33 [notice] 40#40: exit
2026/05/05 15:36:33 [notice] 41#41: gracefully shutting down
2026/05/05 15:36:33 [notice] 41#41: exiting
2026/05/05 15:36:33 [notice] 41#41: exit
2026/05/05 15:36:33 [notice] 44#44: gracefully shutting down
2026/05/05 15:36:33 [notice] 44#44: exiting
2026/05/05 15:36:33 [notice] 44#44: exit
2026/05/05 15:36:33 [notice] 1#1: signal 17 (SIGCHLD) received from 37
2026/05/05 15:36:33 [notice] 1#1: worker process 30 exited with code 0
2026/05/05 15:36:33 [notice] 1#1: worker process 32 exited with code 0
2026/05/05 15:36:33 [notice] 1#1: worker process 33 exited with code 0
2026/05/05 15:36:33 [notice] 1#1: worker process 36 exited with code 0
2026/05/05 15:36:33 [notice] 1#1: worker process 37 exited with code 0
2026/05/05 15:36:33 [notice] 1#1: worker process 39 exited with code 0
2026/05/05 15:36:33 [notice] 1#1: worker process 40 exited with code 0
2026/05/05 15:36:33 [notice] 1#1: worker process 41 exited with code 0
2026/05/05 15:36:33 [notice] 1#1: worker process 44 exited with code 0
2026/05/05 15:36:33 [notice] 1#1: signal 29 (SIGIO) received
2026/05/05 15:36:33 [notice] 1#1: signal 17 (SIGCHLD) received from 44
2026/05/05 15:36:33 [notice] 1#1: signal 17 (SIGCHLD) received from 35
2026/05/05 15:36:33 [notice] 1#1: worker process 35 exited with code 0
2026/05/05 15:36:33 [notice] 1#1: signal 29 (SIGIO) received
2026/05/05 15:36:33 [notice] 1#1: signal 17 (SIGCHLD) received from 31
2026/05/05 15:36:33 [notice] 1#1: worker process 31 exited with code 0
2026/05/05 15:36:33 [notice] 1#1: worker process 38 exited with code 0
2026/05/05 15:36:33 [notice] 1#1: worker process 42 exited with code 0
2026/05/05 15:36:33 [notice] 1#1: signal 29 (SIGIO) received
2026/05/05 15:36:33 [notice] 1#1: signal 17 (SIGCHLD) received from 38
2026/05/05 15:36:33 [notice] 1#1: signal 17 (SIGCHLD) received from 43
2026/05/05 15:36:33 [notice] 1#1: worker process 43 exited with code 0
2026/05/05 15:36:33 [notice] 1#1: signal 29 (SIGIO) received
2026/05/05 15:36:33 [notice] 1#1: signal 17 (SIGCHLD) received from 34
2026/05/05 15:36:33 [notice] 1#1: worker process 29 exited with code 0
2026/05/05 15:36:33 [notice] 1#1: worker process 34 exited with code 0
2026/05/05 15:36:33 [notice] 1#1: exit
2026/05/05 15:36:40 [notice] 1#1: using the "epoll" event method
2026/05/05 15:36:40 [notice] 1#1: nginx/1.27.5
2026/05/05 15:36:40 [notice] 1#1: built by gcc 14.2.0 (Alpine 14.2.0) 
2026/05/05 15:36:40 [notice] 1#1: OS: Linux 6.18.5+kali-amd64
2026/05/05 15:36:40 [notice] 1#1: getrlimit(RLIMIT_NOFILE): 1024:524288
2026/05/05 15:36:40 [notice] 1#1: start worker processes
2026/05/05 15:36:40 [notice] 1#1: start worker process 29
2026/05/05 15:36:40 [notice] 1#1: start worker process 30
2026/05/05 15:36:40 [notice] 1#1: start worker process 31
2026/05/05 15:36:40 [notice] 1#1: start worker process 32
2026/05/05 15:36:40 [notice] 1#1: start worker process 33
2026/05/05 15:36:40 [notice] 1#1: start worker process 34
2026/05/05 15:36:40 [notice] 1#1: start worker process 35
2026/05/05 15:36:40 [notice] 1#1: start worker process 36
2026/05/05 15:36:40 [notice] 1#1: start worker process 37
2026/05/05 15:36:40 [notice] 1#1: start worker process 38
2026/05/05 15:36:40 [notice] 1#1: start worker process 39
2026/05/05 15:36:40 [notice] 1#1: start worker process 40
2026/05/05 15:36:40 [notice] 1#1: start worker process 41
2026/05/05 15:36:40 [notice] 1#1: start worker process 42
2026/05/05 15:36:40 [notice] 1#1: start worker process 43
2026/05/05 15:36:40 [notice] 1#1: start worker process 44
2026/05/05 15:38:49 [notice] 1#1: signal 3 (SIGQUIT) received, shutting down
2026/05/05 15:38:49 [notice] 33#33: gracefully shutting down
2026/05/05 15:38:49 [notice] 35#35: gracefully shutting down
2026/05/05 15:38:49 [notice] 32#32: gracefully shutting down
2026/05/05 15:38:49 [notice] 37#37: gracefully shutting down
2026/05/05 15:38:49 [notice] 38#38: gracefully shutting down
2026/05/05 15:38:49 [notice] 36#36: gracefully shutting down
2026/05/05 15:38:49 [notice] 41#41: gracefully shutting down
2026/05/05 15:38:49 [notice] 34#34: gracefully shutting down
2026/05/05 15:38:49 [notice] 42#42: gracefully shutting down
2026/05/05 15:38:49 [notice] 33#33: exiting
2026/05/05 15:38:49 [notice] 35#35: exiting
2026/05/05 15:38:49 [notice] 29#29: gracefully shutting down
2026/05/05 15:38:49 [notice] 40#40: gracefully shutting down
2026/05/05 15:38:49 [notice] 30#30: gracefully shutting down
2026/05/05 15:38:49 [notice] 32#32: exiting
2026/05/05 15:38:49 [notice] 31#31: gracefully shutting down
2026/05/05 15:38:49 [notice] 39#39: gracefully shutting down
2026/05/05 15:38:49 [notice] 37#37: exiting
2026/05/05 15:38:49 [notice] 38#38: exiting
2026/05/05 15:38:49 [notice] 36#36: exiting
2026/05/05 15:38:49 [notice] 41#41: exiting
2026/05/05 15:38:49 [notice] 34#34: exiting
2026/05/05 15:38:49 [notice] 42#42: exiting
2026/05/05 15:38:49 [notice] 29#29: exiting
2026/05/05 15:38:49 [notice] 40#40: exiting
2026/05/05 15:38:49 [notice] 30#30: exiting
2026/05/05 15:38:49 [notice] 31#31: exiting
2026/05/05 15:38:49 [notice] 39#39: exiting
2026/05/05 15:38:49 [notice] 35#35: exit
2026/05/05 15:38:49 [notice] 33#33: exit
2026/05/05 15:38:49 [notice] 42#42: exit
2026/05/05 15:38:49 [notice] 38#38: exit
2026/05/05 15:38:49 [notice] 32#32: exit
2026/05/05 15:38:49 [notice] 40#40: exit
2026/05/05 15:38:49 [notice] 41#41: exit
2026/05/05 15:38:49 [notice] 30#30: exit
2026/05/05 15:38:49 [notice] 29#29: exit
2026/05/05 15:38:49 [notice] 39#39: exit
2026/05/05 15:38:49 [notice] 31#31: exit
2026/05/05 15:38:49 [notice] 37#37: exit
2026/05/05 15:38:49 [notice] 34#34: exit
2026/05/05 15:38:49 [notice] 36#36: exit
2026/05/05 15:38:49 [notice] 43#43: gracefully shutting down
2026/05/05 15:38:49 [notice] 44#44: gracefully shutting down
2026/05/05 15:38:49 [notice] 43#43: exiting
2026/05/05 15:38:49 [notice] 44#44: exiting
2026/05/05 15:38:49 [notice] 43#43: exit
2026/05/05 15:38:49 [notice] 44#44: exit
2026/05/05 15:38:49 [notice] 1#1: signal 17 (SIGCHLD) received from 37
2026/05/05 15:38:49 [notice] 1#1: worker process 37 exited with code 0
2026/05/05 15:38:49 [notice] 1#1: signal 29 (SIGIO) received
2026/05/05 15:38:49 [notice] 1#1: signal 17 (SIGCHLD) received from 42
2026/05/05 15:38:49 [notice] 1#1: worker process 41 exited with code 0
2026/05/05 15:38:49 [notice] 1#1: worker process 42 exited with code 0
2026/05/05 15:38:49 [notice] 1#1: signal 29 (SIGIO) received
2026/05/05 15:38:49 [notice] 1#1: signal 17 (SIGCHLD) received from 43
2026/05/05 15:38:49 [notice] 1#1: worker process 31 exited with code 0
2026/05/05 15:38:49 [notice] 1#1: worker process 39 exited with code 0
2026/05/05 15:38:49 [notice] 1#1: worker process 43 exited with code 0
2026/05/05 15:38:49 [notice] 1#1: signal 29 (SIGIO) received
2026/05/05 15:38:49 [notice] 1#1: signal 17 (SIGCHLD) received from 33
2026/05/05 15:38:49 [notice] 1#1: worker process 33 exited with code 0
2026/05/05 15:38:49 [notice] 1#1: signal 29 (SIGIO) received
2026/05/05 15:38:49 [notice] 1#1: signal 17 (SIGCHLD) received from 36
2026/05/05 15:38:49 [notice] 1#1: worker process 36 exited with code 0
2026/05/05 15:38:49 [notice] 1#1: worker process 30 exited with code 0
2026/05/05 15:38:49 [notice] 1#1: signal 29 (SIGIO) received
2026/05/05 15:38:49 [notice] 1#1: signal 17 (SIGCHLD) received from 30
2026/05/05 15:38:49 [notice] 1#1: signal 17 (SIGCHLD) received from 32
2026/05/05 15:38:49 [notice] 1#1: worker process 29 exited with code 0
2026/05/05 15:38:49 [notice] 1#1: worker process 32 exited with code 0
2026/05/05 15:38:49 [notice] 1#1: worker process 44 exited with code 0
2026/05/05 15:38:49 [notice] 1#1: signal 29 (SIGIO) received
2026/05/05 15:38:49 [notice] 1#1: signal 17 (SIGCHLD) received from 44
2026/05/05 15:38:49 [notice] 1#1: worker process 40 exited with code 0
2026/05/05 15:38:49 [notice] 1#1: signal 29 (SIGIO) received
2026/05/05 15:38:49 [notice] 1#1: signal 17 (SIGCHLD) received from 38
2026/05/05 15:38:49 [notice] 1#1: worker process 38 exited with code 0
2026/05/05 15:38:49 [notice] 1#1: signal 29 (SIGIO) received
2026/05/05 15:38:49 [notice] 1#1: signal 17 (SIGCHLD) received from 35
2026/05/05 15:38:49 [notice] 1#1: worker process 35 exited with code 0
2026/05/05 15:38:49 [notice] 1#1: signal 29 (SIGIO) received
2026/05/05 15:38:49 [notice] 1#1: signal 17 (SIGCHLD) received from 34
2026/05/05 15:38:49 [notice] 1#1: worker process 34 exited with code 0
2026/05/05 15:38:49 [notice] 1#1: exit
2026/05/05 15:38:55 [notice] 1#1: using the "epoll" event method
2026/05/05 15:38:55 [notice] 1#1: nginx/1.27.5
2026/05/05 15:38:55 [notice] 1#1: built by gcc 14.2.0 (Alpine 14.2.0) 
2026/05/05 15:38:55 [notice] 1#1: OS: Linux 6.18.5+kali-amd64
2026/05/05 15:38:55 [notice] 1#1: getrlimit(RLIMIT_NOFILE): 1024:524288
2026/05/05 15:38:55 [notice] 1#1: start worker processes
2026/05/05 15:38:55 [notice] 1#1: start worker process 29
2026/05/05 15:38:55 [notice] 1#1: start worker process 30
2026/05/05 15:38:55 [notice] 1#1: start worker process 31
2026/05/05 15:38:55 [notice] 1#1: start worker process 32
2026/05/05 15:38:55 [notice] 1#1: start worker process 33
2026/05/05 15:38:55 [notice] 1#1: start worker process 34
2026/05/05 15:38:55 [notice] 1#1: start worker process 35
2026/05/05 15:38:55 [notice] 1#1: start worker process 36
2026/05/05 15:38:55 [notice] 1#1: start worker process 37
2026/05/05 15:38:55 [notice] 1#1: start worker process 38
2026/05/05 15:38:55 [notice] 1#1: start worker process 39
2026/05/05 15:38:55 [notice] 1#1: start worker process 40
2026/05/05 15:38:55 [notice] 1#1: start worker process 41
2026/05/05 15:38:55 [notice] 1#1: start worker process 42
2026/05/05 15:38:55 [notice] 1#1: start worker process 43
2026/05/05 15:38:55 [notice] 1#1: start worker process 44
2026/05/05 15:49:50 [notice] 1#1: signal 3 (SIGQUIT) received, shutting down
2026/05/05 15:49:50 [notice] 29#29: gracefully shutting down
2026/05/05 15:49:50 [notice] 30#30: gracefully shutting down
2026/05/05 15:49:50 [notice] 33#33: gracefully shutting down
2026/05/05 15:49:50 [notice] 34#34: gracefully shutting down
2026/05/05 15:49:50 [notice] 29#29: exiting
2026/05/05 15:49:50 [notice] 35#35: gracefully shutting down
2026/05/05 15:49:50 [notice] 37#37: gracefully shutting down
2026/05/05 15:49:50 [notice] 30#30: exiting
2026/05/05 15:49:50 [notice] 38#38: gracefully shutting down
2026/05/05 15:49:50 [notice] 36#36: gracefully shutting down
2026/05/05 15:49:50 [notice] 40#40: gracefully shutting down
2026/05/05 15:49:50 [notice] 33#33: exiting
2026/05/05 15:49:50 [notice] 34#34: exiting
2026/05/05 15:49:50 [notice] 42#42: gracefully shutting down
2026/05/05 15:49:50 [notice] 35#35: exiting
2026/05/05 15:49:50 [notice] 31#31: gracefully shutting down
2026/05/05 15:49:50 [notice] 37#37: exiting
2026/05/05 15:49:50 [notice] 39#39: gracefully shutting down
2026/05/05 15:49:50 [notice] 38#38: exiting
2026/05/05 15:49:50 [notice] 36#36: exiting
2026/05/05 15:49:50 [notice] 40#40: exiting
2026/05/05 15:49:50 [notice] 42#42: exiting
2026/05/05 15:49:50 [notice] 39#39: exiting
2026/05/05 15:49:50 [notice] 41#41: gracefully shutting down
2026/05/05 15:49:50 [notice] 32#32: gracefully shutting down
2026/05/05 15:49:50 [notice] 41#41: exiting
2026/05/05 15:49:50 [notice] 32#32: exiting
2026/05/05 15:49:50 [notice] 31#31: exiting
2026/05/05 15:49:50 [notice] 29#29: exit
2026/05/05 15:49:50 [notice] 30#30: exit
2026/05/05 15:49:50 [notice] 43#43: gracefully shutting down
2026/05/05 15:49:50 [notice] 43#43: exiting
2026/05/05 15:49:50 [notice] 33#33: exit
2026/05/05 15:49:50 [notice] 38#38: exit
2026/05/05 15:49:50 [notice] 36#36: exit
2026/05/05 15:49:50 [notice] 39#39: exit
2026/05/05 15:49:50 [notice] 37#37: exit
2026/05/05 15:49:50 [notice] 35#35: exit
2026/05/05 15:49:50 [notice] 42#42: exit
2026/05/05 15:49:50 [notice] 40#40: exit
2026/05/05 15:49:50 [notice] 41#41: exit
2026/05/05 15:49:50 [notice] 32#32: exit
2026/05/05 15:49:50 [notice] 31#31: exit
2026/05/05 15:49:50 [notice] 34#34: exit
2026/05/05 15:49:50 [notice] 43#43: exit
2026/05/05 15:49:50 [notice] 44#44: gracefully shutting down
2026/05/05 15:49:50 [notice] 44#44: exiting
2026/05/05 15:49:50 [notice] 44#44: exit
2026/05/05 15:49:50 [notice] 1#1: signal 17 (SIGCHLD) received from 38
2026/05/05 15:49:50 [notice] 1#1: worker process 31 exited with code 0
2026/05/05 15:49:50 [notice] 1#1: worker process 37 exited with code 0
2026/05/05 15:49:50 [notice] 1#1: worker process 38 exited with code 0
2026/05/05 15:49:50 [notice] 1#1: worker process 32 exited with code 0
2026/05/05 15:49:50 [notice] 1#1: worker process 40 exited with code 0
2026/05/05 15:49:50 [notice] 1#1: signal 29 (SIGIO) received
2026/05/05 15:49:50 [notice] 1#1: signal 17 (SIGCHLD) received from 32
2026/05/05 15:49:50 [notice] 1#1: signal 17 (SIGCHLD) received from 42
2026/05/05 15:49:50 [notice] 1#1: worker process 42 exited with code 0
2026/05/05 15:49:50 [notice] 1#1: signal 29 (SIGIO) received
2026/05/05 15:49:50 [notice] 1#1: signal 17 (SIGCHLD) received from 36
2026/05/05 15:49:50 [notice] 1#1: worker process 36 exited with code 0
2026/05/05 15:49:50 [notice] 1#1: signal 29 (SIGIO) received
2026/05/05 15:49:50 [notice] 1#1: signal 17 (SIGCHLD) received from 30
2026/05/05 15:49:50 [notice] 1#1: worker process 30 exited with code 0
2026/05/05 15:49:50 [notice] 1#1: signal 29 (SIGIO) received
2026/05/05 15:49:50 [notice] 1#1: signal 17 (SIGCHLD) received from 33
2026/05/05 15:49:50 [notice] 1#1: worker process 33 exited with code 0
2026/05/05 15:49:50 [notice] 1#1: signal 29 (SIGIO) received
2026/05/05 15:49:50 [notice] 1#1: signal 17 (SIGCHLD) received from 35
2026/05/05 15:49:50 [notice] 1#1: worker process 29 exited with code 0
2026/05/05 15:49:50 [notice] 1#1: worker process 34 exited with code 0
2026/05/05 15:49:50 [notice] 1#1: worker process 35 exited with code 0
2026/05/05 15:49:50 [notice] 1#1: signal 29 (SIGIO) received
2026/05/05 15:49:50 [notice] 1#1: signal 17 (SIGCHLD) received from 34
2026/05/05 15:49:50 [notice] 1#1: signal 17 (SIGCHLD) received from 44
2026/05/05 15:49:50 [notice] 1#1: worker process 43 exited with code 0
2026/05/05 15:49:50 [notice] 1#1: worker process 44 exited with code 0
2026/05/05 15:49:50 [notice] 1#1: signal 29 (SIGIO) received
2026/05/05 15:49:50 [notice] 1#1: signal 17 (SIGCHLD) received from 39
2026/05/05 15:49:50 [notice] 1#1: worker process 39 exited with code 0
2026/05/05 15:49:50 [notice] 1#1: signal 29 (SIGIO) received
2026/05/05 15:49:50 [notice] 1#1: signal 17 (SIGCHLD) received from 41
2026/05/05 15:49:50 [notice] 1#1: worker process 41 exited with code 0
2026/05/05 15:49:50 [notice] 1#1: exit
2026/05/05 15:49:51 [notice] 1#1: using the "epoll" event method
2026/05/05 15:49:51 [notice] 1#1: nginx/1.27.5
2026/05/05 15:49:51 [notice] 1#1: built by gcc 14.2.0 (Alpine 14.2.0) 
2026/05/05 15:49:51 [notice] 1#1: OS: Linux 6.18.5+kali-amd64
2026/05/05 15:49:51 [notice] 1#1: getrlimit(RLIMIT_NOFILE): 1024:524288
2026/05/05 15:49:51 [notice] 1#1: start worker processes
2026/05/05 15:49:51 [notice] 1#1: start worker process 29
2026/05/05 15:49:51 [notice] 1#1: start worker process 30
2026/05/05 15:49:51 [notice] 1#1: start worker process 31
2026/05/05 15:49:51 [notice] 1#1: start worker process 32
2026/05/05 15:49:51 [notice] 1#1: start worker process 33
2026/05/05 15:49:51 [notice] 1#1: start worker process 34
2026/05/05 15:49:51 [notice] 1#1: start worker process 35
2026/05/05 15:49:51 [notice] 1#1: start worker process 36
2026/05/05 15:49:51 [notice] 1#1: start worker process 37
2026/05/05 15:49:51 [notice] 1#1: start worker process 38
2026/05/05 15:49:51 [notice] 1#1: start worker process 39
2026/05/05 15:49:51 [notice] 1#1: start worker process 40
2026/05/05 15:49:51 [notice] 1#1: start worker process 41
2026/05/05 15:49:51 [notice] 1#1: start worker process 42
2026/05/05 15:49:51 [notice] 1#1: start worker process 43
2026/05/05 15:49:51 [notice] 1#1: start worker process 44
