[2026-05-05 18:18:08] app.INFO: Protect vendor folder in module statsbestmanufacturers [] []
[2026-05-05 18:18:08] app.INFO: Module statsbestmanufacturers has no vendor folder [] []
[2026-05-05 18:18:08] app.INFO: Protect vendor folder in module statsstock [] []
[2026-05-05 18:18:08] app.INFO: Module statsstock has no vendor folder [] []
[2026-05-05 18:18:08] app.INFO: Protect vendor folder in module graphnvd3 [] []
[2026-05-05 18:18:08] app.INFO: Module graphnvd3 has no vendor folder [] []
[2026-05-05 18:18:08] app.INFO: Protect vendor folder in module ps_categoryproducts [] []
[2026-05-05 18:18:08] app.INFO: Module ps_categoryproducts has no vendor folder [] []
[2026-05-05 18:18:09] app.INFO: Protect vendor folder in module ps_googleanalytics [] []
[2026-05-05 18:18:09] app.INFO: Module ps_googleanalytics has no vendor folder [] []
[2026-05-05 18:18:09] app.INFO: Protect vendor folder in module statsnewsletter [] []
[2026-05-05 18:18:09] app.INFO: Module statsnewsletter has no vendor folder [] []
[2026-05-05 18:18:10] app.INFO: Protect vendor folder in module ps_facebook [] []
[2026-05-05 18:18:10] app.INFO: Protect vendor folder in module ps_distributionapiclient [] []
[2026-05-05 18:18:10] app.INFO: Module ps_distributionapiclient has no vendor folder [] []
[2026-05-05 18:18:12] app.INFO: Protect vendor folder in module ps_accounts [] []
[2026-05-05 18:18:14] app.INFO: Protect vendor folder in module psshipping [] []
[2026-05-05 18:18:14] app.ERROR: Cannot register tab "PsshippingCarrierController" because it already exists [] []
[2026-05-05 18:18:14] app.ERROR: Cannot register tab "PsshippingCarrierController" because it already exists [] []
[2026-05-05 18:18:14] app.ERROR: Cannot register tab "PsshippingCarrierController" because it already exists [] []
[2026-05-05 18:18:15] app.ERROR: Cannot register tab "PsshippingConfigurationController" because it already exists [] []
[2026-05-05 18:18:15] app.ERROR: Cannot register tab "PsshippingOrdersController" because it already exists [] []
[2026-05-05 18:18:15] app.ERROR: Cannot register tab "PsshippingOrdersController" because it already exists [] []
[2026-05-05 18:18:15] app.ERROR: Cannot register tab "PsshippingOrdersController" because it already exists [] []
[2026-05-05 18:18:15] app.ERROR: Cannot register tab "PsshippingConfigurationController" because it already exists [] []
[2026-05-05 18:18:15] app.ERROR: Cannot register tab "PsshippingConfigurationController" because it already exists [] []
[2026-05-05 18:18:15] app.ERROR: Cannot register tab "PsshippingConfigurationController" because it already exists [] []
[2026-05-05 18:18:15] app.ERROR: Cannot register tab "PsshippingConfigurationController" because it already exists [] []
[2026-05-05 18:18:15] app.ERROR: Cannot register tab "PsshippingConfigurationController" because it already exists [] []
[2026-05-05 18:18:15] app.ERROR: Cannot register tab "PsshippingConfigurationController" because it already exists [] []
[2026-05-05 18:18:15] app.ERROR: Cannot register tab "PsshippingConfigurationController" because it already exists [] []
[2026-05-05 18:18:15] app.ERROR: Cannot register tab "PsshippingKeycloakAuthController" because it already exists [] []
[2026-05-05 18:18:15] app.INFO: Protect vendor folder in module statsproduct [] []
[2026-05-05 18:18:15] app.INFO: Module statsproduct has no vendor folder [] []
[2026-05-05 18:18:15] app.INFO: Protect vendor folder in module ps_crossselling [] []
[2026-05-05 18:18:15] app.INFO: Module ps_crossselling has no vendor folder [] []
[2026-05-05 18:18:16] app.INFO: Protect vendor folder in module gsitemap [] []
[2026-05-05 18:18:16] app.INFO: Module gsitemap has no vendor folder [] []
[2026-05-05 18:18:16] app.INFO: Protect vendor folder in module ps_faviconnotificationbo [] []
[2026-05-05 18:18:16] app.INFO: Module ps_faviconnotificationbo has no vendor folder [] []
[2026-05-05 18:18:16] app.INFO: Protect vendor folder in module ps_wirepayment [] []
[2026-05-05 18:18:16] app.INFO: Module ps_wirepayment has no vendor folder [] []
[2026-05-05 18:18:17] app.INFO: Protect vendor folder in module ps_edition_basic [] []
[2026-05-05 18:18:18] app.INFO: Protect vendor folder in module statssales [] []
[2026-05-05 18:18:18] app.INFO: Module statssales has no vendor folder [] []
[2026-05-05 18:18:18] app.INFO: Protect vendor folder in module statscheckup [] []
[2026-05-05 18:18:18] app.INFO: Module statscheckup has no vendor folder [] []
[2026-05-05 18:18:18] app.INFO: Protect vendor folder in module ps_emailalerts [] []
[2026-05-05 18:18:18] app.INFO: Module ps_emailalerts has no vendor folder [] []
[2026-05-05 18:18:20] app.INFO: Protect vendor folder in module ps_mbo [] []
[2026-05-05 18:18:20] app.INFO: Protect vendor folder in module statspersonalinfos [] []
[2026-05-05 18:18:20] app.INFO: Module statspersonalinfos has no vendor folder [] []
[2026-05-05 18:18:21] app.INFO: Protect vendor folder in module statsbestcategories [] []
[2026-05-05 18:18:21] app.INFO: Module statsbestcategories has no vendor folder [] []
[2026-05-05 18:18:21] app.INFO: Protect vendor folder in module statsbestproducts [] []
[2026-05-05 18:18:21] app.INFO: Module statsbestproducts has no vendor folder [] []
[2026-05-05 18:18:21] app.INFO: Protect vendor folder in module statscatalog [] []
[2026-05-05 18:18:21] app.INFO: Module statscatalog has no vendor folder [] []
[2026-05-05 18:18:21] app.INFO: Protect vendor folder in module statssearch [] []
[2026-05-05 18:18:21] app.INFO: Module statssearch has no vendor folder [] []
[2026-05-05 18:18:21] app.INFO: Protect vendor folder in module statsbestvouchers [] []
[2026-05-05 18:18:21] app.INFO: Module statsbestvouchers has no vendor folder [] []
[2026-05-05 18:18:21] app.INFO: Protect vendor folder in module ps_viewedproduct [] []
[2026-05-05 18:18:21] app.INFO: Module ps_viewedproduct has no vendor folder [] []
[2026-05-05 18:18:22] app.INFO: Protect vendor folder in module dashgoals [] []
[2026-05-05 18:18:22] app.INFO: Module dashgoals has no vendor folder [] []
[2026-05-05 18:18:22] app.INFO: Protect vendor folder in module dashtrends [] []
[2026-05-05 18:18:22] app.INFO: Module dashtrends has no vendor folder [] []
[2026-05-05 18:18:23] app.INFO: Protect vendor folder in module ps_cashondelivery [] []
[2026-05-05 18:18:23] app.INFO: Module ps_cashondelivery has no vendor folder [] []
[2026-05-05 18:18:23] app.INFO: Protect vendor folder in module dashproducts [] []
[2026-05-05 18:18:23] app.INFO: Module dashproducts has no vendor folder [] []
[2026-05-05 18:18:23] app.INFO: Protect vendor folder in module ps_checkpayment [] []
[2026-05-05 18:18:23] app.INFO: Module ps_checkpayment has no vendor folder [] []
[2026-05-05 18:18:26] app.INFO: Protect vendor folder in module ps_checkout [] []
[2026-05-05 18:18:26] app.INFO: Protect vendor folder in module statsregistrations [] []
[2026-05-05 18:18:26] app.INFO: Module statsregistrations has no vendor folder [] []
[2026-05-05 18:18:26] app.INFO: Protect vendor folder in module statsbestsuppliers [] []
[2026-05-05 18:18:26] app.INFO: Module statsbestsuppliers has no vendor folder [] []
[2026-05-05 18:18:26] app.INFO: Protect vendor folder in module gridhtml [] []
[2026-05-05 18:18:26] app.INFO: Module gridhtml has no vendor folder [] []
[2026-05-05 18:18:26] app.INFO: Protect vendor folder in module statsforecast [] []
[2026-05-05 18:18:26] app.INFO: Module statsforecast has no vendor folder [] []
[2026-05-05 18:18:27] app.INFO: Protect vendor folder in module statsbestcustomers [] []
[2026-05-05 18:18:27] app.INFO: Module statsbestcustomers has no vendor folder [] []
[2026-05-05 18:18:27] app.INFO: Protect vendor folder in module dashactivity [] []
[2026-05-05 18:18:27] app.INFO: Module dashactivity has no vendor folder [] []
[2026-05-05 18:18:27] app.INFO: Protect vendor folder in module klaviyopsautomation [] []
[2026-05-05 18:18:29] app.INFO: Protect vendor folder in module ps_eventbus [] []
[2026-05-05 18:18:29] app.INFO: Protect vendor folder in module statscarrier [] []
[2026-05-05 18:18:29] app.INFO: Module statscarrier has no vendor folder [] []
[2026-05-05 18:18:29] app.INFO: Protect vendor folder in module ps_brandlist [] []
[2026-05-05 18:18:29] app.INFO: Module ps_brandlist has no vendor folder [] []
[2026-05-05 18:18:30] app.INFO: Protect vendor folder in module ps_themecusto [] []
[2026-05-05 18:18:30] app.INFO: Module ps_themecusto has no vendor folder [] []
[2026-05-05 18:18:30] app.INFO: Protect vendor folder in module statsdata [] []
[2026-05-05 18:18:30] app.INFO: Module statsdata has no vendor folder [] []
[2026-05-05 18:18:32] app.INFO: Protect vendor folder in module psxmarketingwithgoogle [] []
[2026-05-05 18:18:32] app.INFO: Protect vendor folder in module pagesnotfound [] []
[2026-05-05 18:18:32] app.INFO: Module pagesnotfound has no vendor folder [] []
[2026-05-05 18:18:32] app.INFO: Protect vendor folder in module ps_supplierlist [] []
[2026-05-05 18:18:32] app.INFO: Module ps_supplierlist has no vendor folder [] []
[2026-05-05 18:18:34] app.INFO: Protect vendor folder in module gamification [] []
[2026-05-05 18:18:34] app.INFO: Protect vendor folder in module ps_dataprivacy [] []
[2026-05-05 18:18:34] app.INFO: Module ps_dataprivacy has no vendor folder [] []
